
> patients_management@0.1.0 dev
> next dev --turbopack

 ⚠ Port 3000 is in use by process 51193, using available port 3001 instead.
   ▲ Next.js 15.5.3 (Turbopack)
   - Local:        http://localhost:3001
   - Network:      http://192.168.1.7:3001
   - Environments: .env.local

 ✓ Starting...
Creating turbopack project { dir: '/Users/arselene/projects/patients_management', testMode: true }
 ✓ Compiled middleware in 96ms
 ✓ Ready in 839ms
 ⚠ Webpack is configured while Turbopack is not, which may cause problems.
 ⚠ See instructions if you need to configure Turbopack:
  https://nextjs.org/docs/app/api-reference/next-config-js/turbopack

 ○ Compiling /api/auth/login ...
 ✓ Compiled /api/auth/login in 931ms
📋 Models: Patient model created successfully
📋 Models: Transfer model created successfully
📋 Models: Hospital model created successfully
📋 Models: AuditLog model created successfully
📋 Models: Notification model created successfully
📋 Models: CIUSSS model created successfully
📋 Models: Session model created successfully
🔐 Login: Starting login process
(node:52532) [MONGOOSE] Warning: Duplicate schema index on {"timestamp":1} found. This is often due to declaring an index using both "index: true" and "schema.index()". Please remove the duplicate index definition.
(Use `node --trace-warnings ...` to show where the warning was created)
(node:52532) [MONGOOSE] Warning: Duplicate schema index on {"code":1} found. This is often due to declaring an index using both "index: true" and "schema.index()". Please remove the duplicate index definition.
🔐 Login: Processing login for: arselene.tests@gmail.com
ℹ️ {
  "level": "INFO",
  "message": "Login process started",
  "context": {
    "operation": "login_start",
    "email": "a************s@gmail.com",
    "ipAddress": "127.0.0.1",
    "timestamp": "2025-10-24T19:36:20.010Z"
  },
  "timestamp": "2025-10-24T19:36:20.010Z"
}
🔄 Database: Auto-initializing connection...
🔄 Database: Connecting to MongoDB...
📊 Database: URI: mongodb+srv://***@cluster0.ym7agwh.mongodb.net/?retryWrites=true&w=majority&appName=Cluster0
🔄 Database: Ensuring connection...
📊 Index creation will be handled by MongoDB on first use
✅ Database: Successfully connected to MongoDB
📊 Database: Connected to database: test
🌐 Database: Host: ac-smhbiqv-shard-00-02.ym7agwh.mongodb.net:27017
✅ Database: Auto-initialized successfully
✅ Database: Connection ensured
Error with context: {
  "message": "user.isAccountLocked is not a function",
  "stack": "TypeError: user.isAccountLocked is not a function\n    at AuthService.login (/Users/arselene/projects/patients_management/.next/server/chunks/[root-of-the-server]__b0451d5a._.js:9665:22)\n    at process.processTicksAndRejections (node:internal/process/task_queues:105:5)\n    at async POST (/Users/arselene/projects/patients_management/.next/server/chunks/[root-of-the-server]__b0451d5a._.js:10639:29)\n    at async AppRouteRouteModule.do (/Users/arselene/projects/patients_management/node_modules/next/dist/compiled/next-server/app-route-turbo.runtime.dev.js:5:38696)\n    at async AppRouteRouteModule.handle (/Users/arselene/projects/patients_management/node_modules/next/dist/compiled/next-server/app-route-turbo.runtime.dev.js:5:45978)\n    at async responseGenerator (/Users/arselene/projects/patients_management/.next/server/chunks/node_modules_next_cb5006df._.js:15715:38)\n    at async AppRouteRouteModule.handleResponse (/Users/arselene/projects/patients_management/node_modules/next/dist/compiled/next-server/app-route-turbo.runtime.dev.js:1:187643)\n    at async handleResponse (/Users/arselene/projects/patients_management/.next/server/chunks/node_modules_next_cb5006df._.js:15777:32)\n    at async handler (/Users/arselene/projects/patients_management/.next/server/chunks/node_modules_next_cb5006df._.js:15829:13)\n    at async DevServer.renderToResponseWithComponentsImpl (/Users/arselene/projects/patients_management/node_modules/next/dist/server/base-server.js:1422:9)\n    at async DevServer.renderPageComponent (/Users/arselene/projects/patients_management/node_modules/next/dist/server/base-server.js:1474:24)\n    at async DevServer.renderToResponseImpl (/Users/arselene/projects/patients_management/node_modules/next/dist/server/base-server.js:1514:32)\n    at async DevServer.pipeImpl (/Users/arselene/projects/patients_management/node_modules/next/dist/server/base-server.js:1025:25)\n    at async NextNodeServer.handleCatchallRenderRequest (/Users/arselene/projects/patients_management/node_modules/next/dist/server/next-server.js:393:17)\n    at async DevServer.handleRequestImpl (/Users/arselene/projects/patients_management/node_modules/next/dist/server/base-server.js:916:17)\n    at async /Users/arselene/projects/patients_management/node_modules/next/dist/server/dev/next-dev-server.js:399:20\n    at async Span.traceAsyncFn (/Users/arselene/projects/patients_management/node_modules/next/dist/trace/trace.js:157:20)\n    at async DevServer.handleRequest (/Users/arselene/projects/patients_management/node_modules/next/dist/server/dev/next-dev-server.js:395:24)\n    at async invokeRender (/Users/arselene/projects/patients_management/node_modules/next/dist/server/lib/router-server.js:240:21)\n    at async handleRequest (/Users/arselene/projects/patients_management/node_modules/next/dist/server/lib/router-server.js:437:24)\n    at async requestHandlerImpl (/Users/arselene/projects/patients_management/node_modules/next/dist/server/lib/router-server.js:485:13)\n    at async Server.requestListener (/Users/arselene/projects/patients_management/node_modules/next/dist/server/lib/start-server.js:226:13)",
  "code": "UNKNOWN",
  "statusCode": 500,
  "context": {
    "operation": "login",
    "email": "arselene.tests@gmail.com",
    "ipAddress": "127.0.0.1",
    "timestamp": "2025-10-24T19:36:21.389Z"
  },
  "timestamp": "2025-10-24T19:36:21.389Z"
}
❌ Login failed: Error: user.isAccountLocked is not a function
    at AuthService.login (src/lib/auth/AuthService.ts:382:13)
    at async POST (src/app/api/auth/login/route.ts:31:25)
  380 |       
  381 |       const errorInfo = formatErrorForClient(error);
> 382 |       throw new AppError(
      |             ^
  383 |         errorInfo.message,
  384 |         500,
  385 |         errorInfo.code {
  statusCode: 500,
  code: 'INTERNAL_ERROR',
  isOperational: true,
  details: undefined
}
❌ Error details: user.isAccountLocked is not a function
❌ Stack trace: Error: user.isAccountLocked is not a function
    at AuthService.login (/Users/arselene/projects/patients_management/.next/server/chunks/[root-of-the-server]__b0451d5a._.js:9754:19)
    at process.processTicksAndRejections (node:internal/process/task_queues:105:5)
    at async POST (/Users/arselene/projects/patients_management/.next/server/chunks/[root-of-the-server]__b0451d5a._.js:10639:29)
    at async AppRouteRouteModule.do (/Users/arselene/projects/patients_management/node_modules/next/dist/compiled/next-server/app-route-turbo.runtime.dev.js:5:38696)
    at async AppRouteRouteModule.handle (/Users/arselene/projects/patients_management/node_modules/next/dist/compiled/next-server/app-route-turbo.runtime.dev.js:5:45978)
    at async responseGenerator (/Users/arselene/projects/patients_management/.next/server/chunks/node_modules_next_cb5006df._.js:15715:38)
    at async AppRouteRouteModule.handleResponse (/Users/arselene/projects/patients_management/node_modules/next/dist/compiled/next-server/app-route-turbo.runtime.dev.js:1:187643)
    at async handleResponse (/Users/arselene/projects/patients_management/.next/server/chunks/node_modules_next_cb5006df._.js:15777:32)
    at async handler (/Users/arselene/projects/patients_management/.next/server/chunks/node_modules_next_cb5006df._.js:15829:13)
    at async DevServer.renderToResponseWithComponentsImpl (/Users/arselene/projects/patients_management/node_modules/next/dist/server/base-server.js:1422:9)
    at async DevServer.renderPageComponent (/Users/arselene/projects/patients_management/node_modules/next/dist/server/base-server.js:1474:24)
    at async DevServer.renderToResponseImpl (/Users/arselene/projects/patients_management/node_modules/next/dist/server/base-server.js:1514:32)
    at async DevServer.pipeImpl (/Users/arselene/projects/patients_management/node_modules/next/dist/server/base-server.js:1025:25)
    at async NextNodeServer.handleCatchallRenderRequest (/Users/arselene/projects/patients_management/node_modules/next/dist/server/next-server.js:393:17)
    at async DevServer.handleRequestImpl (/Users/arselene/projects/patients_management/node_modules/next/dist/server/base-server.js:916:17)
    at async /Users/arselene/projects/patients_management/node_modules/next/dist/server/dev/next-dev-server.js:399:20
    at async Span.traceAsyncFn (/Users/arselene/projects/patients_management/node_modules/next/dist/trace/trace.js:157:20)
    at async DevServer.handleRequest (/Users/arselene/projects/patients_management/node_modules/next/dist/server/dev/next-dev-server.js:395:24)
    at async invokeRender (/Users/arselene/projects/patients_management/node_modules/next/dist/server/lib/router-server.js:240:21)
    at async handleRequest (/Users/arselene/projects/patients_management/node_modules/next/dist/server/lib/router-server.js:437:24)
    at async requestHandlerImpl (/Users/arselene/projects/patients_management/node_modules/next/dist/server/lib/router-server.js:485:13)
    at async Server.requestListener (/Users/arselene/projects/patients_management/node_modules/next/dist/server/lib/start-server.js:226:13)
 POST /api/auth/login 500 in 2925ms
